---
source: crates/core-executor/src/tests/query.rs
description: "\"SELECT CURRENT_SCHEMAS()\""
---
Ok(
    [
        "+-------------------+",
        "| current_schemas   |",
        "+-------------------+",
        "| [embucket.public] |",
        "+-------------------+",
    ],
)
