---
source: crates/core-executor/src/tests/query.rs
description: "\"SHOW VARIABLES\""
info: "Setup queries: SET v1 = 'test'"
snapshot_kind: text
---
Ok(
    [
        "+------------+------------+-------------------+-------+------+------------------+",
        "| created_on | updated_on | name              | value | type | comment          |",
        "+------------+------------+-------------------+-------+------+------------------+",
        "|            |            | session_params.v1 | test  |      | session variable |",
        "+------------+------------+-------------------+-------+------+------------------+",
    ],
)
