---
source: crates/core-executor/src/tests/query.rs
description: "\"SELECT $v1\""
info: "Setup queries: SET v1 = 'test';"
---
Ok(
    [
        "+------+",
        "| $v1  |",
        "+------+",
        "| test |",
        "+------+",
    ],
)
