---
source: crates/core-executor/src/tests/query.rs
description: "\"SHOW OBJECTS STARTS WITH 'dep'\""
snapshot_kind: text
---
Ok(
    [
        "+------------+------------------+-------+---------------+-------------+------------+------------+",
        "| created_on | name             | kind  | database_name | schema_name | is_iceberg | is_dynamic |",
        "+------------+------------------+-------+---------------+-------------+------------+------------+",
        "|            | DEPARTMENTS      | TABLE | EMBUCKET      | PUBLIC      | Y          | N          |",
        "|            | DEPARTMENT_TABLE | TABLE | EMBUCKET      | PUBLIC      | Y          | N          |",
        "+------------+------------------+-------+---------------+-------------+------------+------------+",
    ],
)
