---
source: crates/embucket-functions/src/tests/aggregate/listagg.rs
description: "\"SELECT LISTAGG(val, ', ') FROM (VALUES (NULL), (NULL), (NULL)) AS t(val)\""
---
Ok(
    [
        "+---------------------------+",
        "| listagg(t.val,Utf8(\", \")) |",
        "+---------------------------+",
        "|                           |",
        "+---------------------------+",
    ],
)
