---
source: crates/core-metastore/src/metastore.rs
expression: "(test_volume, all_volumes)"
---
(
    Some(
        Object {
            "ident": String("test"),
            "type": String("memory"),
            "created_at: "TIMESTAMP",
            "updated_at: "TIMESTAMP",
        },
    ),
    [
        RwObject {
            data: Volume {
                ident: "test",
                volume: Memory,
            },
            created_at: "TIMESTAMP",
            updated_at: "TIMESTAMP",
        },
    ],
)
