---
source: crates/embucket-functions/src/tests/string_binary/substr.rs
description: "\"SELECT substr('mystring', 0, 3) as result\""
---
Ok(
    [
        "+--------+",
        "| result |",
        "+--------+",
        "| mys    |",
        "+--------+",
    ],
)
