---
source: crates/embucket-functions/src/tests/string_binary/substr.rs
description: "\"SELECT substr('mystring', 1, NULL) as result\""
---
Ok(
    [
        "+--------+",
        "| result |",
        "+--------+",
        "|        |",
        "+--------+",
    ],
)
