---
source: crates/embucket-functions/src/tests/string_binary/substr.rs
description: "\"SELECT substr('', 1, 3) as result\""
---
Ok(
    [
        "+--------+",
        "| result |",
        "+--------+",
        "|        |",
        "+--------+",
    ],
)
