---
source: crates/core-executor/src/tests/sql/pivot.rs
description: "\"WITH sales_without_discount AS\n  (SELECT empid, amount, quarter FROM quarterly_sales)\nSELECT *\nFROM sales_without_discount\nPIVOT(SUM(amount) FOR quarter IN (ANY ORDER BY quarter))\nORDER BY empid;\""
---
Ok(
    [
        "+-------+---------+---------+---------+---------+",
        "| empid | 2023_Q1 | 2023_Q2 | 2023_Q3 | 2023_Q4 |",
        "+-------+---------+---------+---------+---------+",
        "| 1     | 10400   | 8000    | 11000   | 18000   |",
        "| 2     | 39500   | 90700   | 12000   | 5300    |",
        "| 3     |         |         | 2700    | 28900   |",
        "+-------+---------+---------+---------+---------+",
    ],
)
