---
source: crates/embucket-functions/src/tests/table/table.rs
description: "\"SELECT * FROM result_scan(last_query_id(-1))\""
---
Ok(
    [
        "+-----+---+-------+",
        "| a   | b | c     |",
        "+-----+---+-------+",
        "| 1.0 | 2 | true  |",
        "| 2.0 | 4 | false |",
        "+-----+---+-------+",
    ],
)
