---
source: crates/metastore/src/metastore.rs
expression: result
---
Err(
    VolumeAlreadyExists {
        volume: "test",
    },
)
