---
source: crates/metastore/src/metastore.rs
expression: result
snapshot_kind: text
---
Err(
    VolumeAlreadyExists {
        volume: "test",
    },
)
