---
source: crates/embucket-functions/src/tests/string_binary/hex_encode.rs
description: "\"SELECT HEX_ENCODE('SNOW') AS hex_value\""
---
Ok(
    [
        "+-----------+",
        "| hex_value |",
        "+-----------+",
        "| 534E4F57  |",
        "+-----------+",
    ],
)
