---
source: crates/embucket-functions/src/tests/regexp/regexp_instr.rs
description: "\"SELECT REGEXP_INSTR(column1, 'A\\\\W+(\\\\w+)', 1, 1, 0, 'e', 1),\n    REGEXP_INSTR(column1, 'A\\\\W+(\\\\w+)', 1, 2, 0, 'e', 1),\n    REGEXP_INSTR(column1, 'A\\\\W+(\\\\w+)', 1, 3, 0, 'e', 1),\n    REGEXP_INSTR(column1, 'A\\\\W+(\\\\w+)', 1, 4, 0, 'e', 1)\n    FROM VALUES ('A MAN A PLAN A CANAL')\""
---
Ok(
    [
        "+---------------------------------------------------------------------------------------+---------------------------------------------------------------------------------------+---------------------------------------------------------------------------------------+---------------------------------------------------------------------------------------+",
        "| regexp_instr(column1,Utf8(\"A\\W+(\\w+)\"),Int64(1),Int64(1),Int64(0),Utf8(\"e\"),Int64(1)) | regexp_instr(column1,Utf8(\"A\\W+(\\w+)\"),Int64(1),Int64(2),Int64(0),Utf8(\"e\"),Int64(1)) | regexp_instr(column1,Utf8(\"A\\W+(\\w+)\"),Int64(1),Int64(3),Int64(0),Utf8(\"e\"),Int64(1)) | regexp_instr(column1,Utf8(\"A\\W+(\\w+)\"),Int64(1),Int64(4),Int64(0),Utf8(\"e\"),Int64(1)) |",
        "+---------------------------------------------------------------------------------------+---------------------------------------------------------------------------------------+---------------------------------------------------------------------------------------+---------------------------------------------------------------------------------------+",
        "| 3                                                                                     | 9                                                                                     | 16                                                                                    | 0                                                                                     |",
        "+---------------------------------------------------------------------------------------+---------------------------------------------------------------------------------------+---------------------------------------------------------------------------------------+---------------------------------------------------------------------------------------+",
    ],
)
